Load train data (전체, season 제한 없음) + control_risk_score 피처 추가...
 shape=(1475092, 75)
 id_mappings: pitcher_id n=792  batter_id n=830
 n_features=73 (v18 대비 +2: control_risk_score, control_risk_score_weighted)

Calibration carve-out(5%) 분리 (모든 시드가 동일 split 공유)...
 train=(1401337, 73)  calibration carve-out=(73755, 73)

=== seed=42 학습 (iterations=2000) ===
0:	learn: 0.6929804	total: 1.08s	remaining: 36m 10s
200:	learn: 0.6836789	total: 2m 59s	remaining: 26m 44s
400:	learn: 0.6825269	total: 6m 1s	remaining: 24m 1s
600:	learn: 0.6818684	total: 9m 2s	remaining: 21m 3s
800:	learn: 0.6813422	total: 12m 4s	remaining: 18m 4s
1000:	learn: 0.6808763	total: 15m 3s	remaining: 15m 1s
1200:	learn: 0.6804279	total: 18m 3s	remaining: 12m 1s
1400:	learn: 0.6799928	total: 21m 4s	remaining: 9m
1600:	learn: 0.6795212	total: 24m 2s	remaining: 5m 59s
1800:	learn: 0.6790556	total: 26m 58s	remaining: 2m 58s
1999:	learn: 0.6785901	total: 29m 55s	remaining: 0us
 seed=42 학습 완료 (1802.9s)
 saved: C:\Users\USER\Desktop\lg_aimers9_phase2\lg_aimers9_ws\jh_ws\v20_control_risk_score\model\catboost_seed42.cbm

=== seed=7 학습 (iterations=2000) ===
0:	learn: 0.6929823	total: 998ms	remaining: 33m 15s
200:	learn: 0.6837000	total: 3m 3s	remaining: 27m 19s
400:	learn: 0.6825990	total: 6m 8s	remaining: 24m 28s
600:	learn: 0.6819102	total: 9m 12s	remaining: 21m 25s
800:	learn: 0.6813725	total: 12m 15s	remaining: 18m 20s
1000:	learn: 0.6808819	total: 15m 18s	remaining: 15m 16s
1200:	learn: 0.6804323	total: 18m 19s	remaining: 12m 11s
1400:	learn: 0.6799872	total: 21m 21s	remaining: 9m 7s
1600:	learn: 0.6795095	total: 24m 21s	remaining: 6m 4s
1800:	learn: 0.6790311	total: 27m 20s	remaining: 3m 1s
1999:	learn: 0.6785717	total: 30m 20s	remaining: 0us
 seed=7 학습 완료 (1827.4s)
 saved: C:\Users\USER\Desktop\lg_aimers9_phase2\lg_aimers9_ws\jh_ws\v20_control_risk_score\model\catboost_seed7.cbm

=== seed=123 학습 (iterations=2000) ===
0:	learn: 0.6929813	total: 896ms	remaining: 29m 51s
200:	learn: 0.6836710	total: 3m 3s	remaining: 27m 17s
400:	learn: 0.6825255	total: 6m 7s	remaining: 24m 32s
600:	learn: 0.6818471	total: 9m 8s	remaining: 21m 21s
800:	learn: 0.6813116	total: 12m 11s	remaining: 18m 16s
1000:	learn: 0.6808349	total: 15m 12s	remaining: 15m 12s
1200:	learn: 0.6803794	total: 18m 14s	remaining: 12m 9s
1400:	learn: 0.6799340	total: 21m 16s	remaining: 9m 6s
1600:	learn: 0.6794420	total: 24m 17s	remaining: 6m 3s
1800:	learn: 0.6789442	total: 27m 19s	remaining: 3m 1s
1999:	learn: 0.6784608	total: 30m 19s	remaining: 0us
 seed=123 학습 완료 (2912.6s)
 saved: C:\Users\USER\Desktop\lg_aimers9_phase2\lg_aimers9_ws\jh_ws\v20_control_risk_score\model\catboost_seed123.cbm

=== seed=1 학습 (iterations=2000) ===
0:	learn: 0.6929880	total: 912ms	remaining: 30m 22s
200:	learn: 0.6836665	total: 3m 3s	remaining: 27m 21s
400:	learn: 0.6825312	total: 6m 9s	remaining: 24m 31s
600:	learn: 0.6818606	total: 9m 11s	remaining: 21m 24s
800:	learn: 0.6813161	total: 12m 16s	remaining: 18m 22s
1000:	learn: 0.6808145	total: 15m 20s	remaining: 15m 19s
1200:	learn: 0.6803835	total: 18m 24s	remaining: 12m 14s
1400:	learn: 0.6799423	total: 21m 25s	remaining: 9m 9s
1600:	learn: 0.6794312	total: 24m 27s	remaining: 6m 5s
1800:	learn: 0.6789397	total: 27m 29s	remaining: 3m 2s
1999:	learn: 0.6784512	total: 30m 30s	remaining: 0us
 seed=1 학습 완료 (1838.0s)
 saved: C:\Users\USER\Desktop\lg_aimers9_phase2\lg_aimers9_ws\jh_ws\v20_control_risk_score\model\catboost_seed1.cbm

=== seed=99 학습 (iterations=2000) ===
0:	learn: 0.6929826	total: 966ms	remaining: 32m 10s
200:	learn: 0.6836631	total: 3m 3s	remaining: 27m 24s
400:	learn: 0.6825516	total: 6m 8s	remaining: 24m 29s
600:	learn: 0.6818814	total: 9m 13s	remaining: 21m 28s
800:	learn: 0.6813550	total: 12m 16s	remaining: 18m 22s
1000:	learn: 0.6808764	total: 15m 19s	remaining: 15m 17s
1200:	learn: 0.6804188	total: 18m 22s	remaining: 12m 13s
1400:	learn: 0.6799882	total: 21m 23s	remaining: 9m 8s
1600:	learn: 0.6795001	total: 24m 24s	remaining: 6m 4s
1800:	learn: 0.6790261	total: 27m 23s	remaining: 3m 1s
1999:	learn: 0.6785782	total: 30m 24s	remaining: 0us
 seed=99 학습 완료 (1831.8s)
 saved: C:\Users\USER\Desktop\lg_aimers9_phase2\lg_aimers9_ws\jh_ws\v20_control_risk_score\model\catboost_seed99.cbm

=== seed=777 학습 (iterations=2000) ===
0:	learn: 0.6929822	total: 957ms	remaining: 31m 52s
200:	learn: 0.6836683	total: 3m 6s	remaining: 27m 46s
400:	learn: 0.6825279	total: 6m 11s	remaining: 24m 41s
600:	learn: 0.6818620	total: 9m 15s	remaining: 21m 34s
800:	learn: 0.6813345	total: 12m 18s	remaining: 18m 25s
1000:	learn: 0.6808430	total: 15m 20s	remaining: 15m 19s
1200:	learn: 0.6804098	total: 18m 22s	remaining: 12m 13s
1400:	learn: 0.6799696	total: 21m 23s	remaining: 9m 8s
1600:	learn: 0.6794849	total: 24m 24s	remaining: 6m 4s
1800:	learn: 0.6789834	total: 27m 24s	remaining: 3m 1s
1999:	learn: 0.6785198	total: 30m 19s	remaining: 0us
 seed=777 학습 완료 (1826.2s)
 saved: C:\Users\USER\Desktop\lg_aimers9_phase2\lg_aimers9_ws\jh_ws\v20_control_risk_score\model\catboost_seed777.cbm

=== 배깅: 6시드 raw 확률 평균 -> Platt 1회 fit ===
 carve-out BSS(배깅): raw=2056.07  calibrated=2068.46
 (참고: v18 6시드 carve-out calibrated=2069.21)

Saved 6 models + feature_meta.json to C:\Users\USER\Desktop\lg_aimers9_phase2\lg_aimers9_ws\jh_ws\v20_control_risk_score\model
