Load data(전체 이력 2019~2024) + split(v26/v34와 동일 split)...
 train_sub=1401337 calib=73755
 sample_weight: min=0.300 p10=0.779 median=0.957 max=0.995

=== CatBoost 학습(confidence-weighted, snapshot 재개 가능) ===
0:	learn: 0.6929931	total: 1.08s	remaining: 35m 58s
200:	learn: 0.6843093	total: 2m 55s	remaining: 26m 14s
400:	learn: 0.6832531	total: 5m 52s	remaining: 23m 27s
600:	learn: 0.6826129	total: 8m 51s	remaining: 20m 36s
800:	learn: 0.6820943	total: 11m 49s	remaining: 17m 42s
1000:	learn: 0.6816472	total: 14m 47s	remaining: 14m 45s
1200:	learn: 0.6812228	total: 17m 44s	remaining: 11m 48s
1400:	learn: 0.6807870	total: 20m 40s	remaining: 8m 50s
1600:	learn: 0.6803574	total: 23m 35s	remaining: 5m 52s
1800:	learn: 0.6799285	total: 26m 28s	remaining: 2m 55s
1999:	learn: 0.6795006	total: 29m 22s	remaining: 0us
 CatBoost 학습 완료 (1767.7s)
 saved: C:\Users\USER\Desktop\lg_aimers9_phase2\lg_aimers9_ws\jh_ws\v38_confidence_weighted_catboost\model\catboost_seed42.cbm

Retrieval raw 예측(calib, v26 encoder 재사용)...
 retrieval calib 예측 완료(212.9s)

EB-GLMM(last1season=2024) 학습...
  [EB-GLMM] season_window=(2024, 2024) n_train=240926
    round 1/4 done
    round 2/4 done
    round 3/4 done
    round 4/4 done
 EB-GLMM 학습+calib예측 완료(4.9s)

저자유도 그리드서치(CatBoost:retrieval=0.7:0.3 고정, w_ebglmm만 탐색)...
 best_w_ebglmm=0.00  calib_bss=2080.30  (w_ebglmm=0.00일 때(=confidence-weighted CB+retrieval 순수 2way) calib_bss=2080.30)
 참고 -- v34(비가중 CatBoost) 동일 지표: w_ebglmm=0.00일 때 calib_bss=2082.78
 delta vs v34 2way(2082.78) = -2.48

Saved: C:\Users\USER\Desktop\lg_aimers9_phase2\lg_aimers9_ws\jh_ws\v38_confidence_weighted_catboost\model\catboost_seed42.cbm, ebglmm_state.pkl, feature_meta.json
 metrics: C:\Users\USER\Desktop\lg_aimers9_phase2\lg_aimers9_ws\jh_ws\v38_confidence_weighted_catboost\output\metrics_v38.json
