Load train data (전체) + control_risk_score(*2) + matchup_skill_gap + recent_form_gap 추가...
 shape=(1475092, 77)
 id_mappings: pitcher_id n=792  batter_id n=830
 n_features=75 (v20 대비 +2: matchup_skill_gap, recent_form_gap)

Calibration carve-out(5%) 분리...
 train=(1401337, 75)  calibration carve-out=(73755, 75)

=== seed=42 학습 (iterations=2000) ===
0:	learn: 0.6929842	total: 934ms	remaining: 31m 6s
200:	learn: 0.6836620	total: 2m 54s	remaining: 26m 6s
400:	learn: 0.6825266	total: 5m 55s	remaining: 23m 36s
600:	learn: 0.6818544	total: 8m 53s	remaining: 20m 41s
800:	learn: 0.6813234	total: 11m 51s	remaining: 17m 44s
1000:	learn: 0.6808402	total: 14m 49s	remaining: 14m 47s
1200:	learn: 0.6803988	total: 17m 46s	remaining: 11m 49s
1400:	learn: 0.6799528	total: 20m 41s	remaining: 8m 50s
1600:	learn: 0.6794697	total: 23m 36s	remaining: 5m 53s
1800:	learn: 0.6790004	total: 26m 29s	remaining: 2m 55s
1999:	learn: 0.6785466	total: 29m 22s	remaining: 0us
 학습 완료 (1762.6s)
 carve-out BSS: raw=2042.11  calibrated=2052.62
 (참고: v20 6시드 carve-out calibrated=2068.46)
 saved: C:\Users\USER\Desktop\lg_aimers9_phase2\lg_aimers9_ws\jh_ws\v21_matchup_recent_gap_1seed\model\catboost_seed42.cbm

Saved 1 model + feature_meta.json to C:\Users\USER\Desktop\lg_aimers9_phase2\lg_aimers9_ws\jh_ws\v21_matchup_recent_gap_1seed\model
