[1/6] 데이터 로딩 및 사전 집계 (원본과 동일, 트랙맨 병합은 그대로 깨진 채)...
[2/6] 핵심 검증 파생변수 생성...
[3/6] 다중공선성 제거 및 중요 변수 선별...
  └ 상관관계>0.95로 제거: ['away_win_expectancy', 'asof_pitcher_pitchmix_n', 'leverage_middle_risk']
  └ 선택된 피처 개수: 45개
  └ 선택된 피처: ['season', 'asof_pitcher_ball_rate', 'asof_pitcher_prev5_game_success_rate', 'asof_batter_success_rate', 'pitcher_id', 'asof_pitcher_reverse_rate', 'asof_pitcher_n', 'asof_pitcher_prev1_game_success_rate', 'asof_pitcher_offspeed_rate', 'asof_pitcher_success_rate', 'asof_pitcher_middle_rate', 'asof_pitcher_fastball_rate', 'asof_pitcher_prev3_game_success_rate', 'asof_pitcher_strike_rate', 'asof_batter_middle_rate', 'batter_team_id', 'game_type', 'asof_pitcher_prev5_game_middle_rate', 'game_month', 'pitcher_team_id', 'asof_pitcher_breaking_rate', 'asof_pitcher_prev3_game_middle_rate', 'li', 'asof_batter_n', 'asof_pitcher_prev1_game_middle_rate', 'home_win_expectancy', 'batter_id', 'cnt_diff', 'balls_before', 'batter_hand', 'pitcher_hand', 'game_dayofweek', 'inning', 'run_total_before', 'strikes_before', 'score_diff_pitcher_team', 'run_top_before', 'run_bot_before', 'score_diff_home', 'outs_before', 'num_runners_on', 'base_state', 'top_bottom', 'runner_on_2b', 'runner_on_3b']
  └ [검증] group by: pitcher_id, 그룹 수: 792개
[4/6] 5-Fold 확률 보정(Probability Calibration) GBDT 학습...
  └ Fold 0: train pitchers=635, val pitchers=157, 겹침=0개
  └ Fold 0 학습 및 보정 완료!
  └ Fold 1: train pitchers=640, val pitchers=152, 겹침=0개
  └ Fold 1 학습 및 보정 완료!
  └ Fold 2: train pitchers=629, val pitchers=163, 겹침=0개
  └ Fold 2 학습 및 보정 완료!
  └ Fold 3: train pitchers=632, val pitchers=160, 겹침=0개
  └ Fold 3 학습 및 보정 완료!
  └ Fold 4: train pitchers=632, val pitchers=160, 겹침=0개
  └ Fold 4 학습 및 보정 완료!
[5/6] Optuna 앙상블 최적 가중치 & 확률 클리핑 범위 탐색...
  └ [최적 가중치] LGBM: 0.149 | Cat: 0.851 | XGB: 0.000
  └ [최적 확률 클리핑 범위]: [0.0100, 0.9900]
  └ [최적 OOF Log Loss]: 0.68331
  └ [OOF AUC blend]: 0.57052
  └ [OOF AUC lgb/cat/xgb]: 0.56879 / 0.57054 / 0.56888
[6/6] v8(진짜 pitcher_id group k-fold + CatBoost 튜닝) 학습 완료!
